// Jest Snapshot v1, https://goo.gl/fbAQLP

exports[`build statistics 1`] = `2`;
